// Vitest Snapshot v1, https://vitest.dev/guide/snapshot.html

exports[`Map correctly renders 1`] = `
{
  "asFragment": [Function],
  "baseElement": <body>
    <div>
      <div
        class="leaflet-container leaflet-touch leaflet-grab leaflet-touch-drag leaflet-touch-zoom"
        data-testid="map-test"
        style="height: 100%; position: relative;"
        tabindex="0"
      >
        <div
          class="leaflet-pane leaflet-map-pane"
          style="left: 0px; top: 0px;"
        >
          <div
            class="leaflet-pane leaflet-tile-pane"
          >
            <div
              class="leaflet-layer "
              style="z-index: 1;"
            >
              <div
                class="leaflet-tile-container leaflet-zoom-animated"
                style="z-index: 18; left: 0px; top: 0px;"
              >
                <img
                  alt=""
                  class="leaflet-tile"
                  role="presentation"
                  src="https://a.basemaps.cartocdn.com/rastertiles/voyager/12/2074/1409.png"
                  style="width: 256px; height: 256px; left: -195px; top: -36px;"
                />
              </div>
            </div>
          </div>
          <div
            class="leaflet-pane leaflet-shadow-pane"
          />
          <div
            class="leaflet-pane leaflet-overlay-pane"
          />
          <div
            class="leaflet-pane leaflet-marker-pane"
          >
            <img
              alt=""
              class="leaflet-marker-icon leaflet-zoom-hide leaflet-interactive"
              src="https://assets.htmlacademy.ru/content/intensive/javascript-1/demo/interactive-map/pin.svg"
              style="margin-left: -20px; margin-top: -40px; width: 40px; height: 40px; left: 6px; top: -2px; z-index: -2; z-index: -2;"
              tabindex="0"
            />
            <img
              alt=""
              class="leaflet-marker-icon leaflet-zoom-hide leaflet-interactive"
              src="https://assets.htmlacademy.ru/content/intensive/javascript-1/demo/interactive-map/pin.svg"
              style="margin-left: -20px; margin-top: -40px; width: 40px; height: 40px; left: 8px; top: -6px; z-index: -6;"
              tabindex="0"
            />
          </div>
          <div
            class="leaflet-pane leaflet-tooltip-pane"
          />
          <div
            class="leaflet-pane leaflet-popup-pane"
          />
        </div>
        <div
          class="leaflet-control-container"
        >
          <div
            class="leaflet-top leaflet-left"
          >
            <div
              class="leaflet-control-zoom leaflet-bar leaflet-control"
            >
              <a
                aria-label="Zoom in"
                class="leaflet-control-zoom-in"
                href="#"
                role="button"
                title="Zoom in"
              >
                +
              </a>
              <a
                aria-label="Zoom out"
                class="leaflet-control-zoom-out"
                href="#"
                role="button"
                title="Zoom out"
              >
                −
              </a>
            </div>
          </div>
          <div
            class="leaflet-top leaflet-right"
          />
          <div
            class="leaflet-bottom leaflet-left"
          />
          <div
            class="leaflet-bottom leaflet-right"
          >
            <div
              class="leaflet-control-attribution leaflet-control"
            >
              <a
                href="https://leafletjs.com"
                title="A JS library for interactive maps"
              >
                Leaflet
              </a>
               | © 
              <a
                href="https://www.openstreetmap.org/copyright"
              >
                OpenStreetMap
              </a>
               contributors © 
              <a
                href="https://carto.com/attributions"
              >
                CARTO
              </a>
            </div>
          </div>
        </div>
      </div>
    </div>
  </body>,
  "container": <div>
    <div
      class="leaflet-container leaflet-touch leaflet-grab leaflet-touch-drag leaflet-touch-zoom"
      data-testid="map-test"
      style="height: 100%; position: relative;"
      tabindex="0"
    >
      <div
        class="leaflet-pane leaflet-map-pane"
        style="left: 0px; top: 0px;"
      >
        <div
          class="leaflet-pane leaflet-tile-pane"
        >
          <div
            class="leaflet-layer "
            style="z-index: 1;"
          >
            <div
              class="leaflet-tile-container leaflet-zoom-animated"
              style="z-index: 18; left: 0px; top: 0px;"
            >
              <img
                alt=""
                class="leaflet-tile"
                role="presentation"
                src="https://a.basemaps.cartocdn.com/rastertiles/voyager/12/2074/1409.png"
                style="width: 256px; height: 256px; left: -195px; top: -36px;"
              />
            </div>
          </div>
        </div>
        <div
          class="leaflet-pane leaflet-shadow-pane"
        />
        <div
          class="leaflet-pane leaflet-overlay-pane"
        />
        <div
          class="leaflet-pane leaflet-marker-pane"
        >
          <img
            alt=""
            class="leaflet-marker-icon leaflet-zoom-hide leaflet-interactive"
            src="https://assets.htmlacademy.ru/content/intensive/javascript-1/demo/interactive-map/pin.svg"
            style="margin-left: -20px; margin-top: -40px; width: 40px; height: 40px; left: 6px; top: -2px; z-index: -2; z-index: -2;"
            tabindex="0"
          />
          <img
            alt=""
            class="leaflet-marker-icon leaflet-zoom-hide leaflet-interactive"
            src="https://assets.htmlacademy.ru/content/intensive/javascript-1/demo/interactive-map/pin.svg"
            style="margin-left: -20px; margin-top: -40px; width: 40px; height: 40px; left: 8px; top: -6px; z-index: -6;"
            tabindex="0"
          />
        </div>
        <div
          class="leaflet-pane leaflet-tooltip-pane"
        />
        <div
          class="leaflet-pane leaflet-popup-pane"
        />
      </div>
      <div
        class="leaflet-control-container"
      >
        <div
          class="leaflet-top leaflet-left"
        >
          <div
            class="leaflet-control-zoom leaflet-bar leaflet-control"
          >
            <a
              aria-label="Zoom in"
              class="leaflet-control-zoom-in"
              href="#"
              role="button"
              title="Zoom in"
            >
              +
            </a>
            <a
              aria-label="Zoom out"
              class="leaflet-control-zoom-out"
              href="#"
              role="button"
              title="Zoom out"
            >
              −
            </a>
          </div>
        </div>
        <div
          class="leaflet-top leaflet-right"
        />
        <div
          class="leaflet-bottom leaflet-left"
        />
        <div
          class="leaflet-bottom leaflet-right"
        >
          <div
            class="leaflet-control-attribution leaflet-control"
          >
            <a
              href="https://leafletjs.com"
              title="A JS library for interactive maps"
            >
              Leaflet
            </a>
             | © 
            <a
              href="https://www.openstreetmap.org/copyright"
            >
              OpenStreetMap
            </a>
             contributors © 
            <a
              href="https://carto.com/attributions"
            >
              CARTO
            </a>
          </div>
        </div>
      </div>
    </div>
  </div>,
  "debug": [Function],
  "findAllByAltText": [Function],
  "findAllByDisplayValue": [Function],
  "findAllByLabelText": [Function],
  "findAllByPlaceholderText": [Function],
  "findAllByRole": [Function],
  "findAllByTestId": [Function],
  "findAllByText": [Function],
  "findAllByTitle": [Function],
  "findByAltText": [Function],
  "findByDisplayValue": [Function],
  "findByLabelText": [Function],
  "findByPlaceholderText": [Function],
  "findByRole": [Function],
  "findByTestId": [Function],
  "findByText": [Function],
  "findByTitle": [Function],
  "getAllByAltText": [Function],
  "getAllByDisplayValue": [Function],
  "getAllByLabelText": [Function],
  "getAllByPlaceholderText": [Function],
  "getAllByRole": [Function],
  "getAllByTestId": [Function],
  "getAllByText": [Function],
  "getAllByTitle": [Function],
  "getByAltText": [Function],
  "getByDisplayValue": [Function],
  "getByLabelText": [Function],
  "getByPlaceholderText": [Function],
  "getByRole": [Function],
  "getByTestId": [Function],
  "getByText": [Function],
  "getByTitle": [Function],
  "queryAllByAltText": [Function],
  "queryAllByDisplayValue": [Function],
  "queryAllByLabelText": [Function],
  "queryAllByPlaceholderText": [Function],
  "queryAllByRole": [Function],
  "queryAllByTestId": [Function],
  "queryAllByText": [Function],
  "queryAllByTitle": [Function],
  "queryByAltText": [Function],
  "queryByDisplayValue": [Function],
  "queryByLabelText": [Function],
  "queryByPlaceholderText": [Function],
  "queryByRole": [Function],
  "queryByTestId": [Function],
  "queryByText": [Function],
  "queryByTitle": [Function],
  "rerender": [Function],
  "unmount": [Function],
}
`;
